[*] Processing Video ID: aWoRYqQI0pM
[*] YouTube se Video Title fetch ho raha hai...
[✓] Title Detected: 'Crypto Trading Complete Technical Analysis Course | Become Cryptocurrency Trading Expert'
[✓] Channel Detected: 'HBA Services'
[*] Subtitles fetch ho rahey hain aur 1-minute blocks mein divide ho rahey hain...
[✓] Total Video Length: ~398 Minutes
Both GOOGLE_API_KEY and GEMINI_API_KEY are set. Using GOOGLE_API_KEY.
[*] Document ka header (brand / subject) detect ho raha hai...
[✓] Header: HBA Services  |  HBA SERVICES  |  VIDEO NOTES  |  ROMAN URDU
[*] Video ko 80 Chunks mein convert kiya ja raha hai (Book Format + Auto Header)...

[*] Processing Chunk 1/80 ([00:00] to [04:00])... Please wait...
[✓] Chunk 1 completed! (Words coverage: 107%)
[*] Processing Chunk 2/80 ([05:00] to [09:00])... Please wait...
[✓] Chunk 2 completed! (Words coverage: 108%)
[*] Processing Chunk 3/80 ([10:00] to [14:00])... Please wait...
[✓] Chunk 3 completed! (Words coverage: 144%)
[*] Processing Chunk 4/80 ([15:00] to [19:00])... Please wait...
[✓] Chunk 4 completed! (Words coverage: 117%)
[*] Processing Chunk 5/80 ([20:00] to [24:00])... Please wait...
[✓] Chunk 5 completed! (Words coverage: 113%)
[*] Processing Chunk 6/80 ([25:00] to [29:00])... Please wait...
    [!] Coverage 78% - chunk ko chhote hisson mein tod kar dobara convert kar raha hoon...
[✓] Chunk 6 completed! (Words coverage: 118%)
[*] Processing Chunk 7/80 ([30:00] to [34:00])... Please wait...
[✓] Chunk 7 completed! (Words coverage: 108%)
[*] Processing Chunk 8/80 ([35:00] to [39:00])... Please wait...
[✓] Chunk 8 completed! (Words coverage: 112%)
[*] Processing Chunk 9/80 ([40:00] to [44:00])... Please wait...
    [!] Coverage 82% - chunk ko chhote hisson mein tod kar dobara convert kar raha hoon...
[✓] Chunk 9 completed! (Words coverage: 122%)
[*] Processing Chunk 10/80 ([45:00] to [49:00])... Please wait...
[✓] Chunk 10 completed! (Words coverage: 110%)
[*] Processing Chunk 11/80 ([50:00] to [54:00])... Please wait...
[✓] Chunk 11 completed! (Words coverage: 116%)
[*] Processing Chunk 12/80 ([55:00] to [59:00])... Please wait...
[✓] Chunk 12 completed! (Words coverage: 126%)
[*] Processing Chunk 13/80 ([01:00:00] to [01:04:00])... Please wait...
[✓] Chunk 13 completed! (Words coverage: 115%)
[*] Processing Chunk 14/80 ([01:05:00] to [01:09:00])... Please wait...
[✓] Chunk 14 completed! (Words coverage: 114%)
[*] Processing Chunk 15/80 ([01:10:00] to [01:14:00])... Please wait...
[✓] Chunk 15 completed! (Words coverage: 117%)
[*] Processing Chunk 16/80 ([01:15:00] to [01:19:00])... Please wait...
[✓] Chunk 16 completed! (Words coverage: 117%)
[*] Processing Chunk 17/80 ([01:20:00] to [01:24:00])... Please wait...
[✓] Chunk 17 completed! (Words coverage: 123%)
[*] Processing Chunk 18/80 ([01:25:00] to [01:29:00])... Please wait...
[✓] Chunk 18 completed! (Words coverage: 111%)
[*] Processing Chunk 19/80 ([01:30:00] to [01:34:00])... Please wait...
    [!] Coverage 53% - chunk ko chhote hisson mein tod kar dobara convert kar raha hoon...
[✓] Chunk 19 completed! (Words coverage: 115%)
[*] Processing Chunk 20/80 ([01:35:00] to [01:39:00])... Please wait...
[✓] Chunk 20 completed! (Words coverage: 113%)
[*] Processing Chunk 21/80 ([01:40:00] to [01:44:00])... Please wait...
[✓] Chunk 21 completed! (Words coverage: 104%)
[*] Processing Chunk 22/80 ([01:45:00] to [01:49:00])... Please wait...
[✓] Chunk 22 completed! (Words coverage: 102%)
[*] Processing Chunk 23/80 ([01:50:00] to [01:54:00])... Please wait...
[✓] Chunk 23 completed! (Words coverage: 107%)
[*] Processing Chunk 24/80 ([01:55:00] to [01:59:00])... Please wait...
[✓] Chunk 24 completed! (Words coverage: 114%)
[*] Processing Chunk 25/80 ([02:00:00] to [02:04:00])... Please wait...
[✓] Chunk 25 completed! (Words coverage: 115%)
[*] Processing Chunk 26/80 ([02:05:00] to [02:09:00])... Please wait...
[✓] Chunk 26 completed! (Words coverage: 103%)
[*] Processing Chunk 27/80 ([02:10:00] to [02:14:00])... Please wait...
[✓] Chunk 27 completed! (Words coverage: 97%)
[*] Processing Chunk 28/80 ([02:15:00] to [02:19:00])... Please wait...
[✓] Chunk 28 completed! (Words coverage: 119%)
[*] Processing Chunk 29/80 ([02:20:00] to [02:24:00])... Please wait...
[✓] Chunk 29 completed! (Words coverage: 113%)
[*] Processing Chunk 30/80 ([02:25:00] to [02:29:00])... Please wait...
[✓] Chunk 30 completed! (Words coverage: 112%)
[*] Processing Chunk 31/80 ([02:30:00] to [02:34:00])... Please wait...
[✓] Chunk 31 completed! (Words coverage: 108%)
[*] Processing Chunk 32/80 ([02:35:00] to [02:39:00])... Please wait...
[✓] Chunk 32 completed! (Words coverage: 105%)
[*] Processing Chunk 33/80 ([02:40:00] to [02:44:00])... Please wait...
[✓] Chunk 33 completed! (Words coverage: 101%)
[*] Processing Chunk 34/80 ([02:45:00] to [02:49:00])... Please wait...
[✓] Chunk 34 completed! (Words coverage: 104%)
[*] Processing Chunk 35/80 ([02:50:00] to [02:54:00])... Please wait...
[✓] Chunk 35 completed! (Words coverage: 104%)
[*] Processing Chunk 36/80 ([02:55:00] to [02:59:00])... Please wait...
[✓] Chunk 36 completed! (Words coverage: 108%)
[*] Processing Chunk 37/80 ([03:00:00] to [03:04:00])... Please wait...
[✓] Chunk 37 completed! (Words coverage: 111%)
[*] Processing Chunk 38/80 ([03:05:00] to [03:09:00])... Please wait...
[✓] Chunk 38 completed! (Words coverage: 109%)
[*] Processing Chunk 39/80 ([03:10:00] to [03:14:00])... Please wait...
[✓] Chunk 39 completed! (Words coverage: 127%)
[*] Processing Chunk 40/80 ([03:15:00] to [03:19:00])... Please wait...
[✓] Chunk 40 completed! (Words coverage: 121%)
[*] Processing Chunk 41/80 ([03:20:00] to [03:24:00])... Please wait...
[✓] Chunk 41 completed! (Words coverage: 111%)
[*] Processing Chunk 42/80 ([03:25:00] to [03:29:00])... Please wait...
[✓] Chunk 42 completed! (Words coverage: 104%)
[*] Processing Chunk 43/80 ([03:30:00] to [03:34:00])... Please wait...
[✓] Chunk 43 completed! (Words coverage: 105%)
[*] Processing Chunk 44/80 ([03:35:00] to [03:39:00])... Please wait...
[✓] Chunk 44 completed! (Words coverage: 109%)
[*] Processing Chunk 45/80 ([03:40:00] to [03:44:00])... Please wait...
[✓] Chunk 45 completed! (Words coverage: 112%)
[*] Processing Chunk 46/80 ([03:45:00] to [03:49:00])... Please wait...
[✓] Chunk 46 completed! (Words coverage: 116%)
[*] Processing Chunk 47/80 ([03:50:00] to [03:54:00])... Please wait...
[✓] Chunk 47 completed! (Words coverage: 110%)
[*] Processing Chunk 48/80 ([03:55:00] to [03:59:00])... Please wait...
[✓] Chunk 48 completed! (Words coverage: 114%)
[*] Processing Chunk 49/80 ([04:00:00] to [04:04:00])... Please wait...
[✓] Chunk 49 completed! (Words coverage: 118%)
[*] Processing Chunk 50/80 ([04:05:00] to [04:09:00])... Please wait...
[✓] Chunk 50 completed! (Words coverage: 108%)
[*] Processing Chunk 51/80 ([04:10:00] to [04:14:00])... Please wait...
[✓] Chunk 51 completed! (Words coverage: 102%)
[*] Processing Chunk 52/80 ([04:15:00] to [04:19:00])... Please wait...
    [!] Coverage 70% - chunk ko chhote hisson mein tod kar dobara convert kar raha hoon...
[✓] Chunk 52 completed! (Words coverage: 117%)
[*] Processing Chunk 53/80 ([04:20:00] to [04:24:00])... Please wait...
[✓] Chunk 53 completed! (Words coverage: 115%)
[*] Processing Chunk 54/80 ([04:25:00] to [04:29:00])... Please wait...
[✓] Chunk 54 completed! (Words coverage: 112%)
[*] Processing Chunk 55/80 ([04:30:00] to [04:34:00])... Please wait...
[✓] Chunk 55 completed! (Words coverage: 116%)
[*] Processing Chunk 56/80 ([04:35:00] to [04:39:00])... Please wait...
[✓] Chunk 56 completed! (Words coverage: 112%)
[*] Processing Chunk 57/80 ([04:40:00] to [04:44:00])... Please wait...
[✓] Chunk 57 completed! (Words coverage: 114%)
[*] Processing Chunk 58/80 ([04:45:00] to [04:49:00])... Please wait...
[✓] Chunk 58 completed! (Words coverage: 115%)
[*] Processing Chunk 59/80 ([04:50:00] to [04:54:00])... Please wait...
[✓] Chunk 59 completed! (Words coverage: 114%)
[*] Processing Chunk 60/80 ([04:55:00] to [04:59:00])... Please wait...
[✓] Chunk 60 completed! (Words coverage: 110%)
[*] Processing Chunk 61/80 ([05:00:00] to [05:04:00])... Please wait...
[✓] Chunk 61 completed! (Words coverage: 116%)
[*] Processing Chunk 62/80 ([05:05:00] to [05:09:00])... Please wait...
    [!] Coverage 84% - chunk ko chhote hisson mein tod kar dobara convert kar raha hoon...
[✓] Chunk 62 completed! (Words coverage: 112%)
[*] Processing Chunk 63/80 ([05:10:00] to [05:14:00])... Please wait...
[✓] Chunk 63 completed! (Words coverage: 124%)
[*] Processing Chunk 64/80 ([05:15:00] to [05:19:00])... Please wait...
    [!] Coverage 85% - chunk ko chhote hisson mein tod kar dobara convert kar raha hoon...
[✓] Chunk 64 completed! (Words coverage: 108%)
[*] Processing Chunk 65/80 ([05:20:00] to [05:24:00])... Please wait...
[✓] Chunk 65 completed! (Words coverage: 99%)
[*] Processing Chunk 66/80 ([05:25:00] to [05:29:00])... Please wait...
